[
    {
        "id":"0ujsswThIGTUYm2K8FjOOfXtY1K",
        "name":"Marketing",
        "description":"Nondisp fx of lunate, right wrist, subs for fx w routn heal",
        "created_time":"2019-10-13T15:04:05+07:00",
        "updated_time":"2019-10-13T15:04:05+07:00"
    },
    {
        "id":"0ujssxh0cECutqzMgbtXSGnjorm",
        "name":"Engineer",
        "description":"Sltr-haris Type IV physeal fracture of left metatarsal, 7thB",
        "created_time":"2019-10-13T15:04:05+07:00",
        "updated_time":"2019-10-13T15:04:05+07:00"
    },
    {
        "id":"0ujsszgFvbiEr7CDgE3z8MAUPFt",
        "name":"Marketing",
        "description":"Interruption vena cava",
        "created_time":"2019-10-13T15:04:05+07:00",
        "updated_time":"2019-10-13T15:04:05+07:00"
    },
    {
        "id":"0ujsszwN8NRY24YaXiTIE2VWDTS",
        "name":"Human Resources",
        "description":"Adverse effect of local astringents and local detergents",
        "created_time":"2019-10-13T15:04:05+07:00",
        "updated_time":"2019-10-13T15:04:05+07:00"
    }
]
